Success
True
True
True
True
True
True
False
Success
True
False
