Success
True
True
True
True
True
True
Success
True
Success
[{'id': 4, 'attributes': {'user_id': 1, 'deadline': '06/03/2018', 'origin_id': '3'}, 'type': 'copy'}]
