Success
True
True
True
True
True
True
Success
True
Success
[{'attributes': {'deadline': '06/03/2018', 'origin_id': '3', 'user_id': 1}, 'type': 'copy', 'id': 4}]
