Success
True
True
True
True
True
True
Success
True
Success
True
