Success
True
True
True
True
True
True
Success
True
Success
[{'type': 'copy', 'attributes': {'deadline': '27/02/2018', 'user_id': 2, 'origin_id': '3'}, 'id': 4}]
