Success
True
True
True
True
True
True
Success
True
Success
[{'type': 'copy', 'id': 4, 'attributes': {'origin_id': '3', 'deadline': '20/02/2018', 'user_id': 2}}]
